----------------------------------------
Relatorio de Partidos
----------------------------------------
Total de partidos: 5

Movimento Progressista Republicano (MPR):
 - Prefeitos candidatos: 1
 - Vereadores candidatos: 7

Partido Comunitario Nacional (PCN):
 - Prefeitos candidatos: 1
 - Vereadores candidatos: 7

Partido da Renovacao Popular (PRP):
 - Prefeitos candidatos: 1
 - Vereadores candidatos: 6

Alianca Democratica Popular (ADP):
 - Prefeitos candidatos: 1
 - Vereadores candidatos: 6

Partido Social Trabalhista (PST):
 - Prefeitos candidatos: 1
 - Vereadores candidatos: 6
----------------------------------------

