----------------------------------------
Relatorio da Urna - Zona 1 - Seção 1
----------------------------------------
Votos validos para prefeito: 42
Votos brancos para prefeito: 2
Votos nulos para prefeito: 0
Votos validos para vereador: 42
Votos brancos para vereador: 2
Votos nulos para vereador: 0
----------------------------------------

----------------------------------------
Relatorio da Urna - Zona 1 - Seção 2
----------------------------------------
Votos validos para prefeito: 51
Votos brancos para prefeito: 1
Votos nulos para prefeito: 2
Votos validos para vereador: 48
Votos brancos para vereador: 2
Votos nulos para vereador: 3
----------------------------------------

