----------------------------------------
Relatorio de Partidos
----------------------------------------
Total de partidos: 10

Movimento Cidadao Republicano (MCR):
 - Prefeitos candidatos: 1
 - Vereadores candidatos: 8

Partido Liberal Independente (PLI):
 - Prefeitos candidatos: 1
 - Vereadores candidatos: 7

Frente Reformista Democratica (FRD):
 - Prefeitos candidatos: 1
 - Vereadores candidatos: 5

Novo Brasil (NVB):
 - Prefeitos candidatos: 1
 - Vereadores candidatos: 11

Partido da Vida Republicana (PVR):
 - Prefeitos candidatos: 1
 - Vereadores candidatos: 7

Partido Democratico Cidadao (PDC):
 - Prefeitos candidatos: 1
 - Vereadores candidatos: 11

Partido Renovacao Urbana (PRU):
 - Prefeitos candidatos: 1
 - Vereadores candidatos: 9

Uniao Popular Brasileira (UPB):
 - Prefeitos candidatos: 1
 - Vereadores candidatos: 9

Partido Internet Confiavel (TCP):
 - Prefeitos candidatos: 1
 - Vereadores candidatos: 7

Partido Social Trabalhista (PST):
 - Prefeitos candidatos: 1
 - Vereadores candidatos: 11
----------------------------------------

