----------------------------------------
Relatorio da Urna - Zona 1 - Seção 1
----------------------------------------
Votos validos para prefeito: 69
Votos brancos para prefeito: 9
Votos nulos para prefeito: 7
Votos validos para vereador: 68
Votos brancos para vereador: 7
Votos nulos para vereador: 8
----------------------------------------

----------------------------------------
Relatorio da Urna - Zona 1 - Seção 2
----------------------------------------
Votos validos para prefeito: 67
Votos brancos para prefeito: 1
Votos nulos para prefeito: 6
Votos validos para vereador: 66
Votos brancos para vereador: 5
Votos nulos para vereador: 2
----------------------------------------

----------------------------------------
Relatorio da Urna - Zona 1 - Seção 3
----------------------------------------
Votos validos para prefeito: 64
Votos brancos para prefeito: 4
Votos nulos para prefeito: 4
Votos validos para vereador: 65
Votos brancos para vereador: 4
Votos nulos para vereador: 4
----------------------------------------

----------------------------------------
Relatorio da Urna - Zona 2 - Seção 1
----------------------------------------
Votos validos para prefeito: 63
Votos brancos para prefeito: 3
Votos nulos para prefeito: 1
Votos validos para vereador: 59
Votos brancos para vereador: 3
Votos nulos para vereador: 5
----------------------------------------

